<?xml version="1.0" encoding="utf-8"?><testsuites name="pytest tests"><testsuite name="pytest" errors="0" failures="0" skipped="0" tests="89" time="243.154" timestamp="2026-07-15T00:41:31.643488-04:00" hostname="SilverSurfer"><testcase classname="tests.test_adversarial.TestAdversarialAndStress" name="test_abrupt_connection_drop_and_reconnect" time="5.949" /><testcase classname="tests.test_adversarial.TestAdversarialAndStress" name="test_concurrent_connections" time="1.584" /><testcase classname="tests.test_adversarial.TestAdversarialAndStress" name="test_keyboard_input_invalid_key_type" time="3.101" /><testcase classname="tests.test_adversarial.TestAdversarialAndStress" name="test_keyboard_input_missing_key" time="2.458" /><testcase classname="tests.test_adversarial.TestAdversarialAndStress" name="test_malformed_json_raw_string" time="1.308" /><testcase classname="tests.test_adversarial.TestAdversarialAndStress" name="test_malformed_json_unclosed_brace" time="3.072" /><testcase classname="tests.test_adversarial.TestAdversarialAndStress" name="test_missing_event_field" time="2.932" /><testcase classname="tests.test_adversarial.TestAdversarialAndStress" name="test_mouse_click_invalid_button_type" time="1.833" /><testcase classname="tests.test_adversarial.TestAdversarialAndStress" name="test_mouse_click_missing_button" time="1.679" /><testcase classname="tests.test_adversarial.TestAdversarialAndStress" name="test_mouse_move_invalid_types" time="1.651" /><testcase classname="tests.test_adversarial.TestAdversarialAndStress" name="test_mouse_move_missing_dy" time="3.744" /><testcase classname="tests.test_adversarial.TestAdversarialAndStress" name="test_rapid_request_stress" time="4.071" /><testcase classname="tests.test_adversarial.TestAdversarialAndStress" name="test_unknown_event_type" time="3.951" /><testcase classname="tests.test_cases.TestTier1FeatureCoverage" name="test_keyboard_modifier_shift" time="0.993" /><testcase classname="tests.test_cases.TestTier1FeatureCoverage" name="test_keyboard_number" time="0.700" /><testcase classname="tests.test_cases.TestTier1FeatureCoverage" name="test_keyboard_single_char" time="2.392" /><testcase classname="tests.test_cases.TestTier1FeatureCoverage" name="test_keyboard_special_backspace" time="2.278" /><testcase classname="tests.test_cases.TestTier1FeatureCoverage" name="test_keyboard_special_enter" time="2.261" /><testcase classname="tests.test_cases.TestTier1FeatureCoverage" name="test_keyboard_special_space" time="0.257" /><testcase classname="tests.test_cases.TestTier1FeatureCoverage" name="test_keyboard_uppercase_char" time="0.216" /><testcase classname="tests.test_cases.TestTier1FeatureCoverage" name="test_mouse_click_left" time="0.200" /><testcase classname="tests.test_cases.TestTier1FeatureCoverage" name="test_mouse_click_middle" time="0.206" /><testcase classname="tests.test_cases.TestTier1FeatureCoverage" name="test_mouse_click_rapid_left" time="0.217" /><testcase classname="tests.test_cases.TestTier1FeatureCoverage" name="test_mouse_click_right" time="0.222" /><testcase classname="tests.test_cases.TestTier1FeatureCoverage" name="test_mouse_click_sequence_left_right" time="0.241" /><testcase classname="tests.test_cases.TestTier1FeatureCoverage" name="test_mouse_move_integers" time="0.258" /><testcase classname="tests.test_cases.TestTier1FeatureCoverage" name="test_mouse_move_negative" time="2.286" /><testcase classname="tests.test_cases.TestTier1FeatureCoverage" name="test_mouse_move_positive" time="2.262" /><testcase classname="tests.test_cases.TestTier1FeatureCoverage" name="test_mouse_move_precision" time="0.224" /><testcase classname="tests.test_cases.TestTier1FeatureCoverage" name="test_mouse_move_zero" time="2.314" /><testcase classname="tests.test_cases.TestE2ETestsTiers2To4" name="test_accidental_connection_drop" time="0.216" /><testcase classname="tests.test_cases.TestE2ETestsTiers2To4" name="test_code_navigation_workflow" time="0.231" /><testcase classname="tests.test_cases.TestE2ETestsTiers2To4" name="test_ctrl_c_combination" time="0.232" /><testcase classname="tests.test_cases.TestE2ETestsTiers2To4" name="test_double_click_selection" time="0.315" /><testcase classname="tests.test_cases.TestE2ETestsTiers2To4" name="test_drag_interaction" time="0.252" /><testcase classname="tests.test_cases.TestE2ETestsTiers2To4" name="test_draw_circle_workflow" time="0.209" /><testcase classname="tests.test_cases.TestE2ETestsTiers2To4" name="test_extra_unsupported_fields" time="0.224" /><testcase classname="tests.test_cases.TestE2ETestsTiers2To4" name="test_extremely_rapid_requests" time="0.274" /><testcase classname="tests.test_cases.TestE2ETestsTiers2To4" name="test_keyboard_empty_key" time="2.320" /><testcase classname="tests.test_cases.TestE2ETestsTiers2To4" name="test_keyboard_missing_key" time="0.235" /><testcase classname="tests.test_cases.TestE2ETestsTiers2To4" name="test_keyboard_very_long_key" time="2.286" /><testcase classname="tests.test_cases.TestE2ETestsTiers2To4" name="test_malformed_json" time="2.254" /><testcase classname="tests.test_cases.TestE2ETestsTiers2To4" name="test_missing_event_field" time="2.279" /><testcase classname="tests.test_cases.TestE2ETestsTiers2To4" name="test_mouse_click_invalid_button" time="2.257" /><testcase classname="tests.test_cases.TestE2ETestsTiers2To4" name="test_mouse_click_missing_button" time="0.235" /><testcase classname="tests.test_cases.TestE2ETestsTiers2To4" name="test_mouse_move_inf" time="0.242" /><testcase classname="tests.test_cases.TestE2ETestsTiers2To4" name="test_mouse_move_invalid_types" time="0.209" /><testcase classname="tests.test_cases.TestE2ETestsTiers2To4" name="test_mouse_move_large_dx" time="0.227" /><testcase classname="tests.test_cases.TestE2ETestsTiers2To4" name="test_mouse_move_large_dy" time="0.225" /><testcase classname="tests.test_cases.TestE2ETestsTiers2To4" name="test_mouse_move_missing_dy" time="0.241" /><testcase classname="tests.test_cases.TestE2ETestsTiers2To4" name="test_mouse_move_nan" time="0.275" /><testcase classname="tests.test_cases.TestE2ETestsTiers2To4" name="test_move_and_type" time="2.288" /><testcase classname="tests.test_cases.TestE2ETestsTiers2To4" name="test_null_values" time="2.258" /><testcase classname="tests.test_cases.TestE2ETestsTiers2To4" name="test_shift_click" time="2.268" /><testcase classname="tests.test_cases.TestE2ETestsTiers2To4" name="test_type_sentence_workflow" time="2.290" /><testcase classname="tests.test_cases.TestE2ETestsTiers2To4" name="test_unknown_event" time="2.259" /><testcase classname="tests.test_challenge.TestChallengeRobustness" name="test_coordinates_infinity_literal" time="2.324" /><testcase classname="tests.test_challenge.TestChallengeRobustness" name="test_coordinates_nan_literal" time="0.229" /><testcase classname="tests.test_challenge.TestChallengeRobustness" name="test_coordinates_overflow_to_infinity" time="0.220" /><testcase classname="tests.test_challenge.TestChallengeRobustness" name="test_invalid_utf8_binary_frame" time="2.336" /><testcase classname="tests.test_challenge.TestChallengeRobustness" name="test_invalid_utf8_text_frame" time="6.915" /><testcase classname="tests.test_challenger_adversarial.TestChallengerAdversarial" name="test_coordinates_huge_integer_crash" time="2.334" /><testcase classname="tests.test_challenger_adversarial.TestChallengerAdversarial" name="test_invalid_event_type_bool" time="1.812" /><testcase classname="tests.test_challenger_adversarial.TestChallengerAdversarial" name="test_invalid_event_type_dict" time="3.503" /><testcase classname="tests.test_challenger_adversarial.TestChallengerAdversarial" name="test_invalid_event_type_int" time="2.293" /><testcase classname="tests.test_challenger_adversarial.TestChallengerAdversarial" name="test_invalid_event_type_list" time="2.283" /><testcase classname="tests.test_challenger_adversarial.TestChallengerAdversarial" name="test_lone_surrogate_key_crash_high" time="0.265" /><testcase classname="tests.test_challenger_adversarial.TestChallengerAdversarial" name="test_lone_surrogate_key_crash_low" time="0.306" /><testcase classname="tests.test_challenger_adversarial.TestChallengerAdversarial" name="test_non_dict_payload_bool" time="0.278" /><testcase classname="tests.test_challenger_adversarial.TestChallengerAdversarial" name="test_non_dict_payload_list" time="0.286" /><testcase classname="tests.test_challenger_adversarial.TestChallengerAdversarial" name="test_non_dict_payload_null" time="2.391" /><testcase classname="tests.test_challenger_adversarial.TestChallengerAdversarial" name="test_non_dict_payload_num" time="0.241" /><testcase classname="tests.test_challenger_adversarial.TestChallengerAdversarial" name="test_non_dict_payload_str" time="0.312" /><testcase classname="tests.test_challenger_adversarial.TestChallengerAdversarial" name="test_rapid_sequential_connections_stress" time="106.920" /><testcase classname="tests.test_keyboard_adversarial.TestKeyboardAdversarial" name="test_boolean_key" time="0.221" /><testcase classname="tests.test_keyboard_adversarial.TestKeyboardAdversarial" name="test_control_character_log_injection" time="0.335" /><testcase classname="tests.test_keyboard_adversarial.TestKeyboardAdversarial" name="test_null_key" time="2.554" /><testcase classname="tests.test_keyboard_adversarial.TestKeyboardAdversarial" name="test_unpaired_surrogate_utf16" time="1.579" /><testcase classname="tests.test_keyboard_adversarial.TestKeyboardAdversarial" name="test_zwj_joined_emoji_length_rejection" time="0.973" /><testcase classname="tests.test_non_ascii.TestNonAsciiKeyboardInput" name="test_non_ascii_keyboard_input" time="2.746" /><testcase classname="tests.test_non_ascii.TestNonAsciiKeyboardInput" name="test_non_ascii_unknown_event" time="0.267" /><testcase classname="tests.test_stress.TestStressAndCornerCases" name="test_connection_drops" time="4.623" /><testcase classname="tests.test_stress.TestStressAndCornerCases" name="test_malformed_json_streams" time="0.202" /><testcase classname="tests.test_stress.TestStressAndCornerCases" name="test_massive_payload_size" time="0.736" /><testcase classname="tests.test_stress.TestStressAndCornerCases" name="test_missing_fields_and_unknown_events" time="0.198" /><testcase classname="tests.test_stress.TestStressAndCornerCases" name="test_rapid_multiple_client_connections" time="0.398" /><testcase classname="tests.test_stress.TestStressAndCornerCases" name="test_unexpected_types_in_fields" time="3.476" /><testcase classname="tests.test_unicode_modifiers_stress.TestUnicodeModifiersStress" name="test_unicode_and_modifiers_under_stress" time="7.071" /><testcase classname="tests.test_unicode_shortcuts_stress.TestUnicodeAndShortcutsStress" name="test_unicode_and_shortcuts_stress" time="0.577" /></testsuite></testsuites>